$Length = 10
$Height = 20
$BoundarySize = 10

$nbVerticalPoints = 30
$nbHorizontalPoints = 30 
$VerticalRatio = 0.8 

$TotalLength = $Length + 2*$BoundarySize

vertex create coordinates 0 0 0
vertex create coordinates 30 0 0
vertex create coordinates 30 1 0
vertex create coordinates 0 1 0

edge create straight "vertex.1" "vertex.2"
edge create straight "vertex.2" "vertex.3"
edge create straight "vertex.3" "vertex.4"
edge create straight "vertex.1" "vertex.4"

face create wireframe "edge.3" "edge.1" "edge.2" "edge.4" real
edge picklink "edge.4" "edge.2"
edge mesh "edge.2" "edge.4" biexponent ratio1 $VerticalRatio intervals $nbVerticalPoints
edge modify "edge.1" backward
edge picklink "edge.1" "edge.3"
edge mesh "edge.3" "edge.1" successive ratio1 1 intervals $nbHorizontalPoints
face mesh "face.1" map size 1

volume create rotate "face.1" vector 0 0 $TotalLength origin 0 0 0 draft 0 extended  withmesh
edge delete "edge.6" "edge.8" "edge.7" "edge.5" keepsettings onlymesh
edge picklink "edge.5" "edge.7" "edge.8" "edge.6"
edge mesh "edge.6" "edge.8" "edge.7" "edge.5" successive ratio1 1 intervals $nbHorizontalPoints
face mesh "face.3" "face.4" "face.5" "face.2" map size 1
volume mesh "volume.1" cooper source "face.1" "face.6" size 1

solver select "Generic"

physics create "InnerFaces" ctype "FLUID" volume "volume.1"
physics create "Inlet"      btype "ELEMENT_SIDE" face "face.1" "face.3"
physics create "Outlet"     btype "ELEMENT_SIDE" face "face.6" "face.4"
physics create "TopWall"    btype "ELEMENT_SIDE" face "face.5"
physics create "BottomWall" btype "ELEMENT_SIDE" face "face.2"

export gambit "slab3d.neu"
